I'm sorry, but errors were detected in your script. Please correct the
errors listed below, and try again.


File "game/script.rpy", line 422: end of line expected.
    gg "Раз время есть, стоит плотненько пообедать"+
                                                   ^

Ren'Py Version: Ren'Py 8.1.3.23091805
Tue Oct 10 13:27:06 2023
